2025-04-19 08:52:00 | DEBUG | repo=esp-idf | action=pull
2025-09-02 11:38:00 | DEBUG | repo=esp-idf | action=commit
2025-05-10 15:35:00 | INFO | repo=esp-idf | action=edit | files=2
2025-12-04 16:59:00 | INFO | repo=esp-idf | action=commit
2025-03-11 08:23:00 | INFO | repo=esp-idf | action=pull
2025-08-04 20:16:00 | DEBUG | repo=esp-idf | action=commit
2025-01-07 13:30:00 | INFO | repo=esp-idf | action=test | passed=true
2025-03-15 15:13:00 | WARN | repo=esp-idf | action=edit | files=2
2025-08-25 19:16:00 | DEBUG | repo=esp-idf | action=commit
2025-03-10 21:41:00 | INFO | repo=esp-idf | action=commit
2025-01-22 10:15:00 | WARN | repo=esp-idf | action=pull
2025-02-02 20:30:00 | DEBUG | repo=esp-idf | action=edit | files=5
2025-09-20 10:23:00 | WARN | repo=esp-idf | action=commit
2025-01-02 07:20:00 | INFO | repo=esp-idf | action=edit | files=1
2025-08-27 11:03:00 | INFO | repo=esp-idf | action=commit
2025-07-03 10:58:00 | INFO | repo=esp-idf | action=commit
2025-09-11 10:24:00 | DEBUG | repo=esp-idf | action=commit
2025-03-14 08:40:00 | DEBUG | repo=esp-idf | action=commit
2025-01-01 12:52:00 | INFO | repo=esp-idf | action=edit | files=1
2025-12-02 20:31:00 | DEBUG | repo=esp-idf | action=test | passed=true
2025-12-19 19:07:00 | INFO | repo=esp-idf | action=commit
2025-11-26 15:06:00 | WARN | repo=esp-idf | action=commit
2025-12-28 19:55:00 | WARN | repo=esp-idf | action=test | passed=true
2025-04-25 20:13:00 | INFO | repo=esp-idf | action=commit
2025-08-03 09:03:00 | WARN | repo=esp-idf | action=commit
2025-08-18 14:08:00 | DEBUG | repo=esp-idf | action=commit
2025-03-23 14:48:00 | WARN | repo=esp-idf | action=commit
2025-09-14 18:00:00 | INFO | repo=esp-idf | action=commit
2025-06-23T09:25:00 | nonce=12709310358095221196
2025-05-02T19:23:00 | nonce=13187772240978410758
2025-10-02T17:13:00 | nonce=15014636083042796176
2025-08-28T11:16:00 | nonce=9562325950232258619
2025-08-05T12:39:00 | nonce=3681206815129648341
2025-09-24T14:45:00 | nonce=14893137473416437120
2025-08-06T10:56:00 | nonce=13802738058796264500
2025-05-08T15:02:00 | nonce=9092282881841832447
2025-12-23T13:04:00 | nonce=14561205000618809748
2025-03-02T12:17:00 | nonce=5871512386660586304
2025-06-07T15:36:00 | nonce=8750548523224969822
2025-02-01T10:11:00 | nonce=12678747122619951853
2025-04-04T19:30:00 | nonce=11703059898538899366
2025-02-17T14:07:00 | nonce=4727169196644274585
2025-04-13T14:43:00 | nonce=2779070924228003252
2025-07-29T13:30:00 | nonce=13713461603722013558
2025-07-30T13:50:00 | nonce=12199995096128060741
2025-08-31T18:54:00 | nonce=10978398031949914174
2025-07-05T20:01:00 | nonce=2008054957307413741
2025-02-10T19:22:00 | nonce=4760471665102934360
2025-09-18T09:52:00 | nonce=3099549807986110769
2025-07-03T09:57:00 | nonce=11876916416226032982
2025-09-28T15:04:00 | nonce=6863335716920701395
2025-11-14T17:28:00 | nonce=1207931589143299814
2025-06-04T20:45:00 | nonce=10474323465846349876
2025-04-01T09:06:00 | nonce=13369485193470715541
2025-03-11T10:13:00 | nonce=7960892128600353314
2025-01-27T12:51:00 | nonce=7445244049232172026
2025-01-05T19:14:00 | nonce=16038730820147793637
2025-01-26T20:14:00 | nonce=12415934770106286847
2025-07-18T09:28:00 | nonce=9627632097176978527
2025-01-03T18:46:00 | nonce=4243080460273667490
2025-02-27T09:12:00 | nonce=18390514498513056920
2025-05-09T17:05:00 | nonce=2687579793482149711
2025-10-17T20:28:00 | nonce=3288657531368744323
2025-10-29T19:51:00 | nonce=12860324269930652785
2025-09-27T12:47:00 | nonce=4746016130253149984
2025-06-07T10:37:00 | nonce=6083285851782824021
2025-10-22T14:18:00 | nonce=14789787611135146366
2025-06-19T11:08:00 | nonce=16010462814904091384
2025-08-23T17:00:00 | nonce=15708092010464769992
2025-12-28T11:44:00 | nonce=17072582953225379101
2025-09-23T09:44:00 | nonce=3371030606157814391
2025-05-08T19:10:00 | nonce=13647047145331429149
2025-08-19T18:13:00 | nonce=15501102261821878132
2025-03-15T19:28:00 | nonce=13501237110513187787
2025-02-15T09:48:00 | nonce=8375975268257752678
2025-04-22T16:40:00 | nonce=16792117563838677065
2025-07-04T20:05:00 | nonce=889750776908986103
2025-04-03T17:42:00 | nonce=5940019494613597406
2025-04-30T17:24:00 | nonce=3258539809398580315
2025-09-13T17:14:00 | nonce=16217725707826157008
2025-09-26T14:24:00 | nonce=17214221972322359133
2025-02-27T14:32:00 | nonce=4011601113623880696
